Lab - Entering Commands
==========
Follow the instructions line-by-line.  

* Type in the commands as is, but ignore the beginning prompt.  
* Enter, tab, up and down are represented by <ENTER><TAB>,<UP> and <DOWN>.  
* "No output" or "nothing happens" are valid answers to any of the questions.
==========



==========
1. Open Terminal.  Type:

$ ls<ENTER>

Desktop  Documents  Downloads  Movies  Music  Pictures  textfile.txt


==========
2a. Type: 

$ ls D<TAB>

What happens?  Describe it below.
nothing happens. 



==========
2b. Press <TAB> one more time.  Copy and paste the output below.
It shows folder with the staring letter D.
Desktop/   Documents/ Downloads/ 


==========
2c. Now press <ENTER>. Copy and paste the output below.

ls: cannot access 'D': No such file or directory



==========
3.  Type:

$ ls -l Documents<ENTER>

total 0
----------



==========
4.  Type:

$ ls -a Documents

.  ..


==========
5.  Type:

<UP><ENTER>

What command was repeated?
.  ..
ls -a Documents was repeated



==========
6.  Type:

<UP><UP><UP><DOWN><ENTER>

What command was repeated?
total 0



==========
7.  Type:

$ ls /b<TAB><ENTER>

What is the result of pressing tab?
nothing happens when I press tab, but when I press enter this appears:
ls: cannot access '/b': No such file or directory



==========
8.  Type:

$ ls doesnotexist

ls: cannot access 'doesnotexist': No such file or directory


==========
9.  What key do I press to go to the previous command?
 "UP" key



==========
10.  Name two flags that we used in this exercise.
ls -l and pwd 
----------



==========
11.  What key do I use to attempt to autocomplete a command or a file name?
the tab key
----------



==========
12.  What was the main command that we used throughout this exercise?
ls




==========
13.  Name one argument that we passed to the command.
ls/
----------



==========
14.  Type:

$ foo<ENTER>

Command 'foo' not found, did you mean:

  command 'fop' from deb fop
  command 'woo' from deb python-woo
  command 'goo' from deb goo
  command 'fox' from deb objcryst-fox
  command 'fio' from deb fio
  command 'fgo' from deb fgo
  command 'fog' from deb ruby-fog
  
 Try: apt install <deb name>



==========
15.  Type:

<UP><ENTER>

Command 'foo' not found, did you mean:

  command 'fop' from deb fop
  command 'woo' from deb python-woo
  command 'goo' from deb goo
  command 'fox' from deb objcryst-fox
  command 'fio' from deb fio
  command 'fgo' from deb fgo
  command 'fog' from deb ruby-fog
  
 Try: apt install <deb name>

==========
16.  In the following line....

$ ls -a Desktop

What is the command, flag, argument, and prompt?
 ls -a Desktop=command -a=flag argument= -a Desktop, and prompt-result
